{"textDocument": {"uri": "file:///completion3.lean"},
 "position": {"line": 12, "character": 9}}
{"items":
 [{"label": "x",
   "kind": 5,
   "data":
   {"params":
    {"textDocument": {"uri": "file:///completion3.lean"},
     "position": {"line": 12, "character": 9}},
    "id": {"const": {"declName": "S.x"}},
    "cPos": 1}},
  {"label": "y",
   "kind": 5,
   "data":
   {"params":
    {"textDocument": {"uri": "file:///completion3.lean"},
     "position": {"line": 12, "character": 9}},
    "id": {"const": {"declName": "S.y"}},
    "cPos": 1}},
  {"label": "b",
   "kind": 5,
   "data":
   {"params":
    {"textDocument": {"uri": "file:///completion3.lean"},
     "position": {"line": 12, "character": 9}},
    "id": {"const": {"declName": "S.b"}},
    "cPos": 1}}],
 "isIncomplete": false}
{"textDocument": {"uri": "file:///completion3.lean"},
 "position": {"line": 17, "character": 5}}
{"items":
 [{"label": "x",
   "kind": 5,
   "data":
   {"params":
    {"textDocument": {"uri": "file:///completion3.lean"},
     "position": {"line": 17, "character": 5}},
    "id": {"const": {"declName": "S.x"}},
    "cPos": 1}},
  {"label": "y",
   "kind": 5,
   "data":
   {"params":
    {"textDocument": {"uri": "file:///completion3.lean"},
     "position": {"line": 17, "character": 5}},
    "id": {"const": {"declName": "S.y"}},
    "cPos": 1}},
  {"label": "b",
   "kind": 5,
   "data":
   {"params":
    {"textDocument": {"uri": "file:///completion3.lean"},
     "position": {"line": 17, "character": 5}},
    "id": {"const": {"declName": "S.b"}},
    "cPos": 1}}],
 "isIncomplete": false}
{"textDocument": {"uri": "file:///completion3.lean"},
 "position": {"line": 23, "character": 5}}
{"items": [], "isIncomplete": true}
{"textDocument": {"uri": "file:///completion3.lean"},
 "position": {"line": 28, "character": 5}}
{"items":
 [{"label": "x",
   "kind": 5,
   "data":
   {"params":
    {"textDocument": {"uri": "file:///completion3.lean"},
     "position": {"line": 28, "character": 5}},
    "id": {"const": {"declName": "S.x"}},
    "cPos": 1}},
  {"label": "y",
   "kind": 5,
   "data":
   {"params":
    {"textDocument": {"uri": "file:///completion3.lean"},
     "position": {"line": 28, "character": 5}},
    "id": {"const": {"declName": "S.y"}},
    "cPos": 1}},
  {"label": "b",
   "kind": 5,
   "data":
   {"params":
    {"textDocument": {"uri": "file:///completion3.lean"},
     "position": {"line": 28, "character": 5}},
    "id": {"const": {"declName": "S.b"}},
    "cPos": 1}}],
 "isIncomplete": false}
