{"textDocument": {"uri": "file:///identDot.lean"},
 "position": {"line": 8, "character": 18}}
{"items":
 [{"label": "foo",
   "kind": 21,
   "data":
   {"params":
    {"textDocument": {"uri": "file:///identDot.lean"},
     "position": {"line": 8, "character": 18}},
    "id": {"const": {"declName": "MyNamespace.foo"}},
    "cPos": 0}}],
 "isIncomplete": false}
